LIZARDS! Blank 32 x 32 World Map. By Stu, 1992.
Use this as a base for entering hand generated worlds.
................................
................................
................................
................................
................................
................................
................................
................................
................................
................................
................................
................................
................................
................................
................................
................................
................................
................................
................................
................................
................................
................................
................................
................................
................................
................................
................................
................................
................................
................................
................................
................................
