LIZARDS! Hand Generated Map by Stu. 31 x 31 World.
LIZARDS! 'Fear and Loathing' Game.
4FLFFL.WF4FLCCRSLF5FLLLFLF2LCCC
FLTFHL...LCTLCCSSLLLCLHLCLFLLFL
CCLLLLRCFLLL3FCFCCCLLFLFLCLFL4F
CL2LCLLLW5FPFLFFLVLFSFCL3PLTCLW
LFFLL3F....LCLLHLLL4PLTLFFFCCL.
SFPCLFC....CCCFLLRCFLSFLCLFLL..
.S.C.WCW.FLWCCCL2LFCCL3SRLHF.WC
.W.F..C..2LRWFCLFFLFLLFSCLLL.2.
F.L2FLL.WFSF.5LCLFLHLCCFFCLL.FW
LLLLCTL5F.F4.FLFLCFFCCF5...W..3
LHFCCLWF..WFWFF3WCTCS..W.V..SFF
FFFCFLC.C....SS..LLLS.W..W..LSC
FCPL4FCCFLL..S...PWFW..CCLF2FFL
3LCCLLLTFHL.W..W...4..4LFLLLCLF
FLLFLRFLLLF...CXF...PFFCFHLCL3L
LTF5CFL2LC3...FTF4.WTFCCLLFTLFL
LLFLFFLFCFPW.4FXX...FLLF5FLRLLF
4CPCLHLCCFF..W.C..W.W2LLLLFPL2F
FFFLLLRCF5W.W...W....FLFLL3CCLL
CCL2FFLCW...F2F.P.F4.WRHFLCFCLF
CCCLLL3F..V.CLLFLLFF...LCCTCFLL
FFLFTLLF..W.CLHFR5FTFW...FLLFHL
LHLCLCW.W..CCLFLVCLLF..W.4FSCLL
CLFL5F..F.4FCFCLCCL2FC...WLSFF.
.P.F..W.SFCPLTCRLLLLSF.V.PC.5.L
.W..W.LSSLFF3FSSFHLSSS.W.CS.F.W
F..V..FCLRFCLLPSLFFS....3LWRF..
R..W..2FFLFLCCLFFLW..W.FFLLLTL.
...P.W.LCLHFCCLTL3FF2..CFLHFLLF
W.LF..W.CLLLC5FCFLFF...LFLLFCL4
..F3FC..CCSSSFLC4FLL.WF2LFCCCFL

Key for WORLTRAN Utility.

L = PLAIN     D = DEN         S = SWAMP
F = FERTILE   P = PEAK        R = RUIN
V = VOLCANO   W = WHIRLPOOL   . = WATER
C = SCRUB     T = TEMPLE      X = CURSED
1 = RED DEN   2 = GREEN DEN   3 = GREY DEN
4 = BLACK DEN 5 = YELLOW DEN  _ = NO CHANGE!
H = HOME DEN
